
> launchpad@0.1.0 dev
> next dev -p 3005

▲ Next.js 16.3.1 (Turbopack)
- Local:         http://localhost:3005
- Network:       http://192.168.1.152:3005
✓ Ready in 321ms
⚠ Warning: Next.js ignored package-lock.json in /Users because it is outside the current Git repository (/Users/petrpiskacek/projects/launchpad).
 To use this directory, set `turbopack.root` in your Next.js config.

✓ Running next.config.ts took 21ms

 GET / 200 in 236ms (next.js: 144ms, application-code: 92ms)
 GET /api/apps 200 in 1109ms (next.js: 41ms, application-code: 1069ms)
 GET /api/apps 200 in 2.0s (next.js: 1109ms, application-code: 907ms)
 GET /api/apps 200 in 879ms (next.js: 1.1ms, application-code: 878ms)
 GET / 200 in 17ms (next.js: 1.3ms, application-code: 15ms)
 GET /api/apps 200 in 966ms (next.js: 5ms, application-code: 962ms)
 GET /api/apps 200 in 2.3s (next.js: 16ms, application-code: 2.3s)
 GET /api/apps 200 in 1648ms (next.js: 3ms, application-code: 1645ms)
 GET /api/apps 200 in 2.2s (next.js: 4ms, application-code: 2.2s)
 GET /api/apps 200 in 920ms (next.js: 1.2ms, application-code: 919ms)
 GET /api/apps 200 in 942ms (next.js: 4ms, application-code: 938ms)
 GET / 200 in 31ms (next.js: 9ms, application-code: 23ms)
✓ Compiled in 23ms
⚠ Fast Refresh had to perform a full reload due to a runtime error.
 GET /api/apps 200 in 1302ms (next.js: 3ms, application-code: 1299ms)
✓ Compiled in 17ms
 GET /api/apps 200 in 1124ms (next.js: 5ms, application-code: 1119ms)
 GET / 200 in 2.5s (next.js: 3ms, application-code: 2.5s)
 GET /api/apps 200 in 4.2s (next.js: 4ms, application-code: 4.2s)
 GET /api/apps 200 in 2.7s (next.js: 1.0ms, application-code: 2.7s)
✓ Compiled in 0ms
 GET /api/apps 200 in 1387ms (next.js: 10ms, application-code: 1377ms)
 GET /api/apps 200 in 982ms (next.js: 2ms, application-code: 979ms)
 GET /api/apps 200 in 1017ms (next.js: 3ms, application-code: 1014ms)
 GET /api/apps 200 in 998ms (next.js: 1.6ms, application-code: 997ms)
 GET /api/apps 200 in 914ms (next.js: 2ms, application-code: 912ms)
 GET /api/apps 200 in 931ms (next.js: 2ms, application-code: 928ms)
 GET /api/apps 200 in 965ms (next.js: 2ms, application-code: 963ms)
 GET /api/apps 200 in 973ms (next.js: 1.8ms, application-code: 971ms)
 GET /api/apps 200 in 1152ms (next.js: 12ms, application-code: 1141ms)
 GET /api/apps 200 in 1499ms (next.js: 9ms, application-code: 1491ms)
 GET /api/apps 200 in 1052ms (next.js: 1.8ms, application-code: 1050ms)
 GET /api/apps 200 in 1197ms (next.js: 2ms, application-code: 1194ms)
 GET /api/apps 200 in 1034ms (next.js: 1.2ms, application-code: 1033ms)
 GET /api/apps 200 in 1233ms (next.js: 4ms, application-code: 1229ms)
 GET /api/apps 200 in 1081ms (next.js: 3ms, application-code: 1077ms)
 GET / 200 in 67ms (next.js: 23ms, application-code: 44ms)
 GET /api/apps 200 in 882ms (next.js: 3ms, application-code: 879ms)
 GET /api/apps 200 in 1749ms (next.js: 882ms, application-code: 867ms)
 GET /api/apps 200 in 995ms (next.js: 3ms, application-code: 992ms)
 GET /api/apps 200 in 948ms (next.js: 2ms, application-code: 946ms)
 GET /api/apps 200 in 931ms (next.js: 1.8ms, application-code: 929ms)
 GET /api/apps 200 in 903ms (next.js: 4ms, application-code: 899ms)
 GET /api/apps 200 in 919ms (next.js: 2ms, application-code: 917ms)
 GET /api/apps 200 in 1002ms (next.js: 3ms, application-code: 999ms)
 GET /api/apps 200 in 902ms (next.js: 4ms, application-code: 898ms)
 GET /api/apps 200 in 925ms (next.js: 2ms, application-code: 923ms)
 GET /api/apps 200 in 903ms (next.js: 3ms, application-code: 900ms)
 GET /api/apps 200 in 947ms (next.js: 3ms, application-code: 944ms)
 GET /api/apps 200 in 899ms (next.js: 4ms, application-code: 895ms)
 GET /api/apps 200 in 917ms (next.js: 3ms, application-code: 914ms)
 GET /api/apps 200 in 892ms (next.js: 4ms, application-code: 888ms)
 GET /api/apps 200 in 892ms (next.js: 3ms, application-code: 889ms)
 GET /api/apps 200 in 889ms (next.js: 3ms, application-code: 886ms)
 GET /api/apps 200 in 922ms (next.js: 2ms, application-code: 919ms)
 GET /api/apps 200 in 890ms (next.js: 3ms, application-code: 887ms)
 GET /api/apps 200 in 912ms (next.js: 3ms, application-code: 909ms)
 GET /api/apps 200 in 894ms (next.js: 3ms, application-code: 891ms)
 GET /api/apps 200 in 984ms (next.js: 2ms, application-code: 982ms)
 GET /api/apps 200 in 901ms (next.js: 4ms, application-code: 897ms)
 GET /api/apps 200 in 937ms (next.js: 1.8ms, application-code: 935ms)
 GET /api/apps 200 in 1100ms (next.js: 4ms, application-code: 1096ms)
 GET /api/apps 200 in 889ms (next.js: 3ms, application-code: 886ms)
 GET /api/apps 200 in 885ms (next.js: 3ms, application-code: 882ms)
 GET /api/apps 200 in 1034ms (next.js: 1.9ms, application-code: 1032ms)
 GET /api/apps 200 in 964ms (next.js: 2.0ms, application-code: 962ms)
 GET /api/apps 200 in 1002ms (next.js: 0.9ms, application-code: 1001ms)
✓ Compiled in 62ms
 GET /api/apps 200 in 1092ms (next.js: 3ms, application-code: 1089ms)
 GET /api/apps 200 in 1112ms (next.js: 1.4ms, application-code: 1110ms)
 GET / 200 in 2.3s (next.js: 9ms, application-code: 2.2s)
 GET /api/apps 200 in 1009ms (next.js: 0.8ms, application-code: 1008ms)
 GET /api/apps 200 in 905ms (next.js: 3ms, application-code: 902ms)
 GET /api/apps 200 in 1039ms (next.js: 0.8ms, application-code: 1038ms)
 GET /api/apps 200 in 898ms (next.js: 2ms, application-code: 896ms)
 GET /api/apps 200 in 898ms (next.js: 4ms, application-code: 894ms)
 GET /api/apps 200 in 893ms (next.js: 3ms, application-code: 890ms)
 GET /api/apps 200 in 1033ms (next.js: 1.8ms, application-code: 1031ms)
 GET /api/apps 200 in 1217ms (next.js: 1.5ms, application-code: 1216ms)
 GET /api/apps 200 in 957ms (next.js: 1.4ms, application-code: 955ms)
 GET /api/apps 200 in 1067ms (next.js: 3ms, application-code: 1064ms)
 GET /api/apps 200 in 1087ms (next.js: 3ms, application-code: 1083ms)
 GET /api/apps 200 in 1074ms (next.js: 3ms, application-code: 1071ms)
 GET /api/apps 200 in 1006ms (next.js: 0.8ms, application-code: 1005ms)
 GET /api/apps 200 in 1302ms (next.js: 4ms, application-code: 1297ms)
 GET /api/apps 200 in 1406ms (next.js: 33ms, application-code: 1372ms)
 GET /api/apps 200 in 1240ms (next.js: 10ms, application-code: 1230ms)
 GET /api/apps 200 in 1317ms (next.js: 6ms, application-code: 1311ms)
 GET /api/apps 200 in 1109ms (next.js: 5ms, application-code: 1104ms)
 GET /api/apps 200 in 1162ms (next.js: 2ms, application-code: 1160ms)
 GET /api/apps 200 in 5.7s (next.js: 13ms, application-code: 5.7s)
 GET /api/apps 200 in 1275ms (next.js: 8ms, application-code: 1267ms)
 GET /api/apps 200 in 1043ms (next.js: 3ms, application-code: 1040ms)
 GET /api/apps 200 in 2.1s (next.js: 16ms, application-code: 2.0s)
 GET /api/apps 200 in 1121ms (next.js: 4ms, application-code: 1118ms)
 GET /api/apps 200 in 1193ms (next.js: 4ms, application-code: 1189ms)
 GET /api/apps 200 in 1168ms (next.js: 1.6ms, application-code: 1166ms)
 GET /api/apps 200 in 1246ms (next.js: 3ms, application-code: 1243ms)
 GET /api/apps 200 in 1215ms (next.js: 1.9ms, application-code: 1213ms)
 GET /api/apps 200 in 1241ms (next.js: 1.8ms, application-code: 1239ms)
 GET /api/apps 200 in 1303ms (next.js: 5ms, application-code: 1299ms)
 GET /api/apps 200 in 1173ms (next.js: 9ms, application-code: 1164ms)
 GET /api/apps 200 in 1202ms (next.js: 2ms, application-code: 1200ms)
 GET /api/apps 200 in 1159ms (next.js: 2ms, application-code: 1157ms)
 GET /api/apps 200 in 1158ms (next.js: 1.2ms, application-code: 1156ms)
 GET /api/apps 200 in 1453ms (next.js: 2ms, application-code: 1450ms)
 GET /api/apps 200 in 1452ms (next.js: 2ms, application-code: 1450ms)
 GET /api/apps 200 in 1298ms (next.js: 2.0ms, application-code: 1297ms)
 GET /api/apps 200 in 1287ms (next.js: 7ms, application-code: 1280ms)
 GET / 200 in 21ms (next.js: 7ms, application-code: 14ms)
 GET /api/apps 200 in 1085ms (next.js: 1.0ms, application-code: 1084ms)
✓ Compiled in 86ms
✓ Compiled in 12ms
